// Jest Snapshot v1, https://goo.gl/fbAQLP

exports[`Box Component base should return an empty Toolbar with base styling 1`] = `
.c2 {
  box-sizing: border-box;
}

.c3 {
  box-sizing: border-box;
  -webkit-flex: 1;
  -ms-flex: 1;
  flex: 1;
}

.c1 {
  -webkit-box-pack: justify;
  -webkit-justify-content: space-between;
  -ms-flex-pack: justify;
  justify-content: space-between;
  display: -webkit-box;
  display: -webkit-flex;
  display: -ms-flexbox;
  display: flex;
  max-width: 960px;
  width: 100%;
}

.c0 {
  box-sizing: border-box;
  -webkit-align-items: center;
  -webkit-box-align: center;
  -ms-flex-align: center;
  align-items: center;
  -webkit-flex: none;
  -ms-flex: none;
  flex: none;
  -webkit-box-pack: center;
  -webkit-justify-content: center;
  -ms-flex-pack: center;
  justify-content: center;
  display: -webkit-box;
  display: -webkit-flex;
  display: -ms-flexbox;
  display: flex;
  min-height: 48px;
  box-shadow: 0 2px 2px 0 rgba(0,0,0,0.14),0 3px 1px -2px rgba(0,0,0,0.12),0 1px 5px 0 rgba(0,0,0,0.2);
  padding-left: 16px;
  padding-right: 16px;
}

@media screen and (min-width:40em) {
  .c0 {
    min-height: 56px;
  }
}

@media screen and (min-width:52em) {
  .c0 {
    min-height: 64px;
  }
}

@media screen and (min-width:40em) {

}

@media screen and (min-width:52em) {
  .c0 {
    padding-left: 32px;
    padding-right: 32px;
  }
}

<header
  className="c0"
>
  <div
    className="sc-AxirZ c1"
  >
    <div
      className="c2"
    />
    <div
      className="c3"
    />
    <div
      className="c2"
    />
  </div>
</header>
`;
